Last login: Wed Mar  3 21:20:29 on ttys000
jakob@Jakobs-MacBook-Pro ~ % 
jakob@Jakobs-MacBook-Pro ~ % 
jakob@Jakobs-MacBook-Pro ~ % cd Documents/GitHub/neu 
jakob@Jakobs-MacBook-Pro neu % s
zsh: command not found: s
jakob@Jakobs-MacBook-Pro neu % ls -l
jakob@Jakobs-MacBook-Pro neu % ls -al
total 16
drwxr-xr-x  3 jakob  staff    96  4 Mär 17:20 .
drwxr-xr-x@ 7 jakob  staff   224  4 Mär 17:15 ..
-rw-r--r--@ 1 jakob  staff  6148  4 Mär 17:20 .DS_Store
jakob@Jakobs-MacBook-Pro neu % git init
Initialized empty Git repository in /Users/jakob/Documents/GitHub/neu/.git/
jakob@Jakobs-MacBook-Pro neu % git add -a
error: unknown switch `a'
usage: git add [<options>] [--] <pathspec>...

    -n, --dry-run         dry run
    -v, --verbose         be verbose

    -i, --interactive     interactive picking
    -p, --patch           select hunks interactively
    -e, --edit            edit current diff and apply
    -f, --force           allow adding otherwise ignored files
    -u, --update          update tracked files
    --renormalize         renormalize EOL of tracked files (implies -u)
    -N, --intent-to-add   record only the fact that the path will be added later
    -A, --all             add changes from all tracked and untracked files
    --ignore-removal      ignore paths removed in the working tree (same as --no-all)
    --refresh             don't add, only refresh the index
    --ignore-errors       just skip files which cannot be added because of errors
    --ignore-missing      check if - even missing - files are ignored in dry run
    --chmod (+|-)x        override the executable bit of the listed files

jakob@Jakobs-MacBook-Pro neu % git add -A
jakob@Jakobs-MacBook-Pro neu % git status
On branch master

No commits yet

nothing to commit (create/copy files and use "git add" to track)
jakob@Jakobs-MacBook-Pro neu % git commit -m initial test commit
error: pathspec 'test' did not match any file(s) known to git
error: pathspec 'commit' did not match any file(s) known to git
jakob@Jakobs-MacBook-Pro neu % git commit          
On branch master

Initial commit

nothing to commit
jakob@Jakobs-MacBook-Pro neu % 
jakob@Jakobs-MacBook-Pro neu % 
jakob@Jakobs-MacBook-Pro neu % ls -al
total 16
drwxr-xr-x   4 jakob  staff   128  4 Mär 17:20 .
drwxr-xr-x@  8 jakob  staff   256  4 Mär 17:21 ..
-rw-r--r--@  1 jakob  staff  6148  4 Mär 17:20 .DS_Store
drwxr-xr-x  11 jakob  staff   352  4 Mär 17:22 .git
jakob@Jakobs-MacBook-Pro neu % git commit -m initial test commit
error: pathspec 'test' did not match any file(s) known to git
error: pathspec 'commit' did not match any file(s) known to git
jakob@Jakobs-MacBook-Pro neu % git add -A
jakob@Jakobs-MacBook-Pro neu % git status
On branch master

No commits yet

Changes to be committed:
  (use "git rm --cached <file>..." to unstage)
	new file:   test 2.txt

jakob@Jakobs-MacBook-Pro neu % 
jakob@Jakobs-MacBook-Pro neu % 
jakob@Jakobs-MacBook-Pro neu % git commit -m initial test
error: pathspec 'test' did not match any file(s) known to git
jakob@Jakobs-MacBook-Pro neu % ls -al
total 24
drwxr-xr-x   5 jakob  staff   160  4 Mär 17:23 .
drwxr-xr-x@  7 jakob  staff   224  4 Mär 17:23 ..
-rw-r--r--@  1 jakob  staff  6148  4 Mär 17:20 .DS_Store
drwxr-xr-x  11 jakob  staff   352  4 Mär 17:23 .git
-rw-r--r--@  1 jakob  staff    28  4 Mär 17:19 test 2.txt
jakob@Jakobs-MacBook-Pro neu % git commit                
[master (root-commit) 3562a6c] initial test commit
 1 file changed, 3 insertions(+)
 create mode 100644 test 2.txt
jakob@Jakobs-MacBook-Pro neu % git status
On branch master
nothing to commit, working tree clean
jakob@Jakobs-MacBook-Pro neu % git push https://github.com/koebis/test
fatal: The current branch master has no upstream branch.
To push the current branch and set the remote as upstream, use

    git push --set-upstream https://github.com/koebis/test master

jakob@Jakobs-MacBook-Pro neu % 
jakob@Jakobs-MacBook-Pro neu % git push --set-upstream https://github.com/koebis/test master
remote: Permission to koebis/test.git denied to jstrebel.
fatal: unable to access 'https://github.com/koebis/test/': The requested URL returned error: 403
jakob@Jakobs-MacBook-Pro neu % git push --set-upstream https://github.com/koebis/test neu   
error: src refspec neu does not match any
error: failed to push some refs to 'https://github.com/koebis/test'
jakob@Jakobs-MacBook-Pro neu % git push --set-upstream https://github.com/koebis/test master
remote: Permission to koebis/test.git denied to jstrebel.
fatal: unable to access 'https://github.com/koebis/test/': The requested URL returned error: 403
jakob@Jakobs-MacBook-Pro neu % git show
commit 3562a6c9abd0aff3dde1ef348dda25bd1459b469 (HEAD -> master)
Author: koebis <jstrebel@me.com>
Date:   Thu Mar 4 17:25:12 2021 +0100

    initial test commit

diff --git a/test 2.txt b/test 2.txt
new file mode 100644
index 0000000..97ef6c6
--- /dev/null
+++ b/test 2.txt        
@@ -0,0 +1,3 @@
+hallo 17:13
+neu 17:20
+17:19
jakob@Jakobs-MacBook-Pro neu % git config --global user.name koebis
jakob@Jakobs-MacBook-Pro neu % git config --global user.emai jstrebel@me.com
jakob@Jakobs-MacBook-Pro neu % git push --set-upstream https://github.com/koebis/test master
remote: Permission to koebis/test.git denied to jstrebel.
fatal: unable to access 'https://github.com/koebis/test/': The requested URL returned error: 403
jakob@Jakobs-MacBook-Pro neu % git push --set-upstream https://github.com/koebis/test main  
error: src refspec main does not match any
error: failed to push some refs to 'https://github.com/koebis/test'
jakob@Jakobs-MacBook-Pro neu % git push --set-upstream https://github.com/koebis/test master main
error: src refspec main does not match any
error: failed to push some refs to 'https://github.com/koebis/test'
jakob@Jakobs-MacBook-Pro neu % git push --set-upstream https://github.com/koebis/test master     
remote: Permission to koebis/test.git denied to jstrebel.
fatal: unable to access 'https://github.com/koebis/test/': The requested URL returned error: 403
jakob@Jakobs-MacBook-Pro neu % git push --set-upstream https://github.com/koebis/test       
fatal: The current branch master has no upstream branch.
To push the current branch and set the remote as upstream, use

    git push --set-upstream https://github.com/koebis/test master

jakob@Jakobs-MacBook-Pro neu % git push --set-upstream https://github.com/koebis/    
fatal: The current branch master has no upstream branch.
To push the current branch and set the remote as upstream, use

    git push --set-upstream https://github.com/koebis/ master

jakob@Jakobs-MacBook-Pro neu % 
jakob@Jakobs-MacBook-Pro neu % 
jakob@Jakobs-MacBook-Pro neu % ls -al
total 16
drwxr-xr-x   4 jakob  staff   128  4 Mär 17:34 .
drwxr-xr-x@  7 jakob  staff   224  4 Mär 17:23 ..
-rw-r--r--@  1 jakob  staff  6148  4 Mär 17:20 .DS_Store
drwxr-xr-x  12 jakob  staff   384  4 Mär 17:25 .git
jakob@Jakobs-MacBook-Pro neu % git clone https://github.com/koebis/test.git
Cloning into 'test'...
remote: Enumerating objects: 6, done.
remote: Counting objects: 100% (6/6), done.
remote: Compressing objects: 100% (2/2), done.
remote: Total 6 (delta 0), reused 0 (delta 0), pack-reused 0
Unpacking objects: 100% (6/6), done.
jakob@Jakobs-MacBook-Pro neu % ls -l
total 0
drwxr-xr-x  4 jakob  staff  128  4 Mär 17:38 test
jakob@Jakobs-MacBook-Pro neu % ls -al
total 16
drwxr-xr-x   5 jakob  staff   160  4 Mär 17:38 .
drwxr-xr-x@  7 jakob  staff   224  4 Mär 17:23 ..
-rw-r--r--@  1 jakob  staff  6148  4 Mär 17:20 .DS_Store
drwxr-xr-x  12 jakob  staff   384  4 Mär 17:25 .git
drwxr-xr-x   4 jakob  staff   128  4 Mär 17:38 test
jakob@Jakobs-MacBook-Pro neu % git status
On branch master
Changes not staged for commit:
  (use "git add/rm <file>..." to update what will be committed)
  (use "git restore <file>..." to discard changes in working directory)
	deleted:    test 2.txt

Untracked files:
  (use "git add <file>..." to include in what will be committed)
	test/

no changes added to commit (use "git add" and/or "git commit -a")
jakob@Jakobs-MacBook-Pro neu % ls -l
total 0
drwxr-xr-x  4 jakob  staff  128  4 Mär 17:38 test
jakob@Jakobs-MacBook-Pro neu % cp test test1.txt
cp: test is a directory (not copied).
jakob@Jakobs-MacBook-Pro neu % ls -la
total 16
drwxr-xr-x   5 jakob  staff   160  4 Mär 17:38 .
drwxr-xr-x@  7 jakob  staff   224  4 Mär 17:23 ..
-rw-r--r--@  1 jakob  staff  6148  4 Mär 17:20 .DS_Store
drwxr-xr-x  12 jakob  staff   384  4 Mär 17:39 .git
drwxr-xr-x   4 jakob  staff   128  4 Mär 17:38 test
jakob@Jakobs-MacBook-Pro neu % cd test 
jakob@Jakobs-MacBook-Pro test % ls -al
total 8
drwxr-xr-x   4 jakob  staff  128  4 Mär 17:38 .
drwxr-xr-x   5 jakob  staff  160  4 Mär 17:38 ..
drwxr-xr-x  12 jakob  staff  384  4 Mär 17:38 .git
-rw-r--r--@  1 jakob  staff   40  4 Mär 17:39 README.md
jakob@Jakobs-MacBook-Pro test % 
jakob@Jakobs-MacBook-Pro test % 
jakob@Jakobs-MacBook-Pro test % git commit
On branch main
Your branch is up to date with 'origin/main'.

Changes not staged for commit:
	modified:   README.md

no changes added to commit
jakob@Jakobs-MacBook-Pro test % git stage
Nothing specified, nothing added.
Maybe you wanted to say 'git add .'?
jakob@Jakobs-MacBook-Pro test % git add .
jakob@Jakobs-MacBook-Pro test % git commit -m initial back to remote
error: pathspec 'back' did not match any file(s) known to git
error: pathspec 'to' did not match any file(s) known to git
error: pathspec 'remote' did not match any file(s) known to git
jakob@Jakobs-MacBook-Pro test % git commit                          
hint: Waiting for your editor to close the file... 
[No write since last change]

Press ENTER or type command to continue
error: There was a problem with the editor 'vi'.
Please supply the message using either -m or -F option.
jakob@Jakobs-MacBook-Pro test %                                     
jakob@Jakobs-MacBook-Pro test % 
jakob@Jakobs-MacBook-Pro test % git status
On branch main
Your branch is up to date with 'origin/main'.

Changes to be committed:
  (use "git restore --staged <file>..." to unstage)
	modified:   README.md

jakob@Jakobs-MacBook-Pro test % git status                          
On branch main
Your branch is up to date with 'origin/main'.

Changes to be committed:
  (use "git restore --staged <file>..." to unstage)
	modified:   README.md

jakob@Jakobs-MacBook-Pro test % git push
remote: Permission to koebis/test.git denied to jstrebel.
fatal: unable to access 'https://github.com/koebis/test.git/': The requested URL returned error: 403
jakob@Jakobs-MacBook-Pro test % cd ..
jakob@Jakobs-MacBook-Pro .Trash % ls -al
total 486952
drwx------   32 jakob  staff       1024  4 Mär 18:25 .
drwxr-xr-x@ 113 jakob  staff       3616  4 Mär 17:43 ..
-rw-r--r--@   1 jakob  staff      18436  4 Mär 18:25 .DS_Store
-rw-r--r--@   1 jakob  staff    1791958 15 Feb 13:59 77944 (1).log
-rw-r--r--@   1 jakob  staff    1791958 15 Feb 13:02 77944.log
-rw-r--r--@   1 jakob  staff    1918152 24 Feb 17:04 Claas-CultiCam_2020.pdf
-rw-r--r--@   1 jakob  staff  105052488  1 Mär 17:38 GitHubDesktop.zip
-rw-r--r--@   1 jakob  staff    1623906  4 Jan 20:00 IMG_8723.jpg
-rw-r--r--@   1 jakob  staff      11242 22 Dez 15:31 Mahnung_1395569.pdf
drwxr-xr-x@   3 root   wheel         96  1 Mär 23:30 NetSpot.app
-rw-r--r--@   1 jakob  staff   17532244 18 Okt  2016 PW16-Final-lr.pdf
-rw-r--r--@   1 jakob  staff      54199 23 Jul  2020 Rechnung_12394372.pdf
drwxr-xr-x@   4 jakob  staff        128 24 Feb 16:29 SW0090_44000
-rw-r--r--@   1 jakob  staff  102943701 12 Feb 14:00 SW0090_44000.zip
-rw-r--r--@   1 jakob  staff         92 20 Apr  2020 SecureSafe.webloc
-rw-r--r--@   1 jakob  staff    3268101 23 Feb 15:13 VNC-Viewer-6.21.118-MacOSX-x86_64.dmg
drwxr-xr-x    4 jakob  staff        128 21 Feb 14:48 css
drwxr-xr-x@   8 jakob  staff        256  3 Mär 20:28 duengerapp
drwxr-xr-x    5 jakob  staff        160  4 Mär 17:12 https---github.com-koebis-test
drwxr-xr-x@   3 jakob  staff         96  4 Mär 18:25 mixers
drwxr-xr-x    4 jakob  staff        128  4 Mär 18:25 neu
drwxr-xr-x@   5 jakob  staff        160 26 Feb 17:33 riedhof-johndeere 2
-rw-r--r--@   1 jakob  staff     238632 15 Feb 18:24 schneid-klemm-werkzeuge-1.pdf
-rw-r--r--@   1 jakob  staff     162454  2 Mär 15:32 smc5d_cortex_m4_dinb (1).pdf
-rw-r--r--@   1 jakob  staff      69190  2 Mär 15:29 smc5d_m4_cu_outin (1).pdf
-rw-r--r--@   1 jakob  staff      69190  2 Mär 15:29 smc5d_m4_cu_outin (2).pdf
-rw-r--r--@   1 jakob  staff      81972  2 Mär 15:29 smc5d_m4_cu_v3_black_diff (1).pdf
-rw-r--r--@   1 jakob  staff      81972  2 Mär 15:29 smc5d_m4_cu_v3_black_diff (2).pdf
-rw-r--r--@   1 jakob  staff      67905  2 Mär 15:32 smc5d_m4_in_out (1).pdf
drwxr-xr-x    4 jakob  staff        128  4 Mär 17:38 test
-rw-r--r--@   1 jakob  staff         28  4 Mär 17:19 test 2.txt
-rw-r--r--@   1 jakob  staff       3820 23 Feb 22:39 untitled text 2.txt
jakob@Jakobs-MacBook-Pro .Trash % 
jakob@Jakobs-MacBook-Pro .Trash % 
jakob@Jakobs-MacBook-Pro .Trash % 
jakob@Jakobs-MacBook-Pro .Trash % pwd
/Users/jakob/.Trash
jakob@Jakobs-MacBook-Pro .Trash % cd ..
jakob@Jakobs-MacBook-Pro ~ % cd Documents 
jakob@Jakobs-MacBook-Pro Documents % cd GitHub 
jakob@Jakobs-MacBook-Pro GitHub % ls -al
total 24
drwxr-xr-x@  4 jakob  staff    128  4 Mär 18:25 .
drwx------@ 38 jakob  staff   1216  4 Mär 17:21 ..
-rw-r--r--@  1 jakob  staff  10244  4 Mär 18:25 .DS_Store
drwxr-xr-x  12 jakob  staff    384  3 Mär 20:44 .git
jakob@Jakobs-MacBook-Pro GitHub % git init
Reinitialized existing Git repository in /Users/jakob/Documents/GitHub/.git/
jakob@Jakobs-MacBook-Pro GitHub % 
jakob@Jakobs-MacBook-Pro GitHub % ls -al  
total 24
drwxr-xr-x@  4 jakob  staff    128  4 Mär 18:25 .
drwx------@ 38 jakob  staff   1216  4 Mär 17:21 ..
-rw-r--r--@  1 jakob  staff  10244  4 Mär 18:25 .DS_Store
drwxr-xr-x  12 jakob  staff    384  4 Mär 18:26 .git
jakob@Jakobs-MacBook-Pro GitHub % git status 
On branch master
Changes not staged for commit:
  (use "git add/rm <file>..." to update what will be committed)
  (use "git restore <file>..." to discard changes in working directory)
	deleted:    duengerapp

no changes added to commit (use "git add" and/or "git commit -a")
jakob@Jakobs-MacBook-Pro GitHub % git init
Reinitialized existing Git repository in /Users/jakob/Documents/GitHub/.git/
jakob@Jakobs-MacBook-Pro GitHub % git status
On branch master
Changes not staged for commit:
  (use "git add/rm <file>..." to update what will be committed)
  (use "git restore <file>..." to discard changes in working directory)
	deleted:    duengerapp

no changes added to commit (use "git add" and/or "git commit -a")
jakob@Jakobs-MacBook-Pro GitHub % git show
commit 0d702e2924c41f926894353203dc15e6adad85db (HEAD -> master)
Author: koebis <jstrebel@me.com>
Date:   Wed Mar 3 20:44:01 2021 +0100

    ist das ein empty commit?

diff --git a/duengerapp b/duengerapp
index 9770e5e..4733e0f 160000
--- a/duengerapp
+++ b/duengerapp
@@ -1 +1 @@
-Subproject commit 9770e5e7263aab96f7acb4b6d51d62058a1b05ab
+Subproject commit 4733e0f2d79badff0fa38d00a1c89fd2bede8f8d
jakob@Jakobs-MacBook-Pro GitHub % git config --list
credential.helper=osxkeychain
difftool.sourcetree.cmd=opendiff "$LOCAL" "$REMOTE"
difftool.sourcetree.path=
mergetool.sourcetree.cmd=/Applications/Sourcetree.app/Contents/Resources/opendiff-w.sh "$LOCAL" "$REMOTE" -ancestor "$BASE" -merge "$MERGED"
mergetool.sourcetree.trustexitcode=true
user.email=jstrebel@me.com
user.mail==
user.name=koebis
user.mail==
user.emai=jstrebel@me.com
core.excludesfile=/Users/jakob/.gitignore_global
commit.template=/Users/jakob/.stCommitMsg
filter.lfs.clean=git-lfs clean -- %f
filter.lfs.smudge=git-lfs smudge -- %f
filter.lfs.process=git-lfs filter-process
filter.lfs.required=true
core.repositoryformatversion=0
core.filemode=true
core.bare=false
core.logallrefupdates=true
core.ignorecase=true
core.precomposeunicode=true
jakob@Jakobs-MacBook-Pro GitHub % pwd
/Users/jakob/Documents/GitHub
jakob@Jakobs-MacBook-Pro GitHub % git init
Reinitialized existing Git repository in /Users/jakob/Documents/GitHub/.git/
jakob@Jakobs-MacBook-Pro GitHub % git add read.txt
jakob@Jakobs-MacBook-Pro GitHub % git commit -m initial commit fuer read.txt
error: pathspec 'commit' did not match any file(s) known to git
error: pathspec 'fuer' did not match any file(s) known to git
jakob@Jakobs-MacBook-Pro GitHub % ls
read.txt
jakob@Jakobs-MacBook-Pro GitHub % git commit read.txt -m initial commit fuer read.txt
error: pathspec 'commit' did not match any file(s) known to git
error: pathspec 'fuer' did not match any file(s) known to git
jakob@Jakobs-MacBook-Pro GitHub % git commit .                                       
Aborting commit due to empty commit message.
jakob@Jakobs-MacBook-Pro GitHub % git commit -A                                      
error: unknown switch `A'
usage: git commit [<options>] [--] <pathspec>...

    -q, --quiet           suppress summary after successful commit
    -v, --verbose         show diff in commit message template

Commit message options
    -F, --file <file>     read message from file
    --author <author>     override author for commit
    --date <date>         override date for commit
    -m, --message <message>
                          commit message
    -c, --reedit-message <commit>
                          reuse and edit message from specified commit
    -C, --reuse-message <commit>
                          reuse message from specified commit
    --fixup <commit>      use autosquash formatted message to fixup specified commit
    --squash <commit>     use autosquash formatted message to squash specified commit
    --reset-author        the commit is authored by me now (used with -C/-c/--amend)
    -s, --signoff         add Signed-off-by:
    -t, --template <file>
                          use specified template file
    -e, --edit            force edit of commit
    --cleanup <mode>      how to strip spaces and #comments from message
    --status              include status in commit message template
    -S, --gpg-sign[=<key-id>]
                          GPG sign commit

Commit contents options
    -a, --all             commit all changed files
    -i, --include         add specified files to index for commit
    --interactive         interactively add files
    -p, --patch           interactively add changes
    -o, --only            commit only specified files
    -n, --no-verify       bypass pre-commit and commit-msg hooks
    --dry-run             show what would be committed
    --short               show status concisely
    --branch              show branch information
    --ahead-behind        compute full ahead/behind values
    --porcelain           machine-readable output
    --long                show status in long format (default)
    -z, --null            terminate entries with NUL
    --amend               amend previous commit
    --no-post-rewrite     bypass post-rewrite hook
    -u, --untracked-files[=<mode>]
                          show untracked files, optional modes: all, normal, no. (Default: all)

jakob@Jakobs-MacBook-Pro GitHub % git commit --all
[master 6e8220f] sssssss initial
 2 files changed, 1 insertion(+), 1 deletion(-)
 delete mode 160000 duengerapp
 create mode 100644 read.txt
jakob@Jakobs-MacBook-Pro GitHub % git status      
On branch master
nothing to commit, working tree clean
jakob@Jakobs-MacBook-Pro GitHub % ls -al
total 32
drwxr-xr-x@  5 jakob  staff    160  4 Mär 18:40 .
drwx------@ 38 jakob  staff   1216  4 Mär 17:21 ..
-rw-r--r--@  1 jakob  staff  10244  4 Mär 18:25 .DS_Store
drwxr-xr-x  12 jakob  staff    384  4 Mär 18:46 .git
-rw-r--r--@  1 jakob  staff      5  4 Mär 18:41 read.txt
jakob@Jakobs-MacBook-Pro GitHub % 
jakob@Jakobs-MacBook-Pro GitHub % 
jakob@Jakobs-MacBook-Pro GitHub % git status
On branch master
Changes not staged for commit:
  (use "git add <file>..." to update what will be committed)
  (use "git restore <file>..." to discard changes in working directory)
	modified:   read.txt

no changes added to commit (use "git add" and/or "git commit -a")
jakob@Jakobs-MacBook-Pro GitHub % 
jakob@Jakobs-MacBook-Pro GitHub % 
jakob@Jakobs-MacBook-Pro GitHub % git add read.txt
jakob@Jakobs-MacBook-Pro GitHub % git status      
On branch master
Changes to be committed:
  (use "git restore --staged <file>..." to unstage)
	modified:   read.txt

jakob@Jakobs-MacBook-Pro GitHub % git commit -m test
[master 1b95ca5] test
 1 file changed, 2 insertions(+), 1 deletion(-)
jakob@Jakobs-MacBook-Pro GitHub % 
jakob@Jakobs-MacBook-Pro GitHub % git push https://github.com/koebis
fatal: The current branch master has no upstream branch.
To push the current branch and set the remote as upstream, use

    git push --set-upstream https://github.com/koebis master

jakob@Jakobs-MacBook-Pro GitHub % git push --set-upstream https://github.com/koebis master
remote: Not Found
fatal: repository 'https://github.com/koebis/' not found
jakob@Jakobs-MacBook-Pro GitHub % 
jakob@Jakobs-MacBook-Pro GitHub % 
jakob@Jakobs-MacBook-Pro GitHub % git push --set-upstream https://github.com/koebis master
remote: Not Found
fatal: repository 'https://github.com/koebis/' not found
jakob@Jakobs-MacBook-Pro GitHub % git push --set-upstream https://github.com/koebis/aff.git
fatal: The current branch master has no upstream branch.
To push the current branch and set the remote as upstream, use

    git push --set-upstream https://github.com/koebis/aff.git master

jakob@Jakobs-MacBook-Pro GitHub % git push --set-upstream https://github.com/koebis/aff.git master
remote: Permission to koebis/aff.git denied to jstrebel.
fatal: unable to access 'https://github.com/koebis/aff.git/': The requested URL returned error: 403
jakob@Jakobs-MacBook-Pro GitHub % git config --list
credential.helper=osxkeychain
difftool.sourcetree.cmd=opendiff "$LOCAL" "$REMOTE"
difftool.sourcetree.path=
mergetool.sourcetree.cmd=/Applications/Sourcetree.app/Contents/Resources/opendiff-w.sh "$LOCAL" "$REMOTE" -ancestor "$BASE" -merge "$MERGED"
mergetool.sourcetree.trustexitcode=true
user.email=jstrebel@me.com
user.mail==
user.name=koebis
user.mail==
user.emai=jstrebel@me.com
core.excludesfile=/Users/jakob/.gitignore_global
commit.template=/Users/jakob/.stCommitMsg
filter.lfs.clean=git-lfs clean -- %f
filter.lfs.smudge=git-lfs smudge -- %f
filter.lfs.process=git-lfs filter-process
filter.lfs.required=true
core.repositoryformatversion=0
core.filemode=true
core.bare=false
core.logallrefupdates=true
core.ignorecase=true
core.precomposeunicode=true
jakob@Jakobs-MacBook-Pro GitHub % pwd
/Users/jakob/Documents/GitHub
jakob@Jakobs-MacBook-Pro GitHub % git clone https://github.com/koebis/test.git
Cloning into 'test'...
remote: Enumerating objects: 3, done.
remote: Counting objects: 100% (3/3), done.
remote: Total 3 (delta 0), reused 0 (delta 0), pack-reused 0
Unpacking objects: 100% (3/3), done.
jakob@Jakobs-MacBook-Pro GitHub % ls -al
total 24
drwxr-xr-x@  5 jakob  staff    160  4 Mär 21:07 .
drwx------@ 38 jakob  staff   1216  4 Mär 17:21 ..
-rw-r--r--@  1 jakob  staff  10244  4 Mär 21:03 .DS_Store
drwxr-xr-x  12 jakob  staff    384  4 Mär 18:48 .git
drwxr-xr-x   4 jakob  staff    128  4 Mär 21:07 test
jakob@Jakobs-MacBook-Pro GitHub % cd test 
jakob@Jakobs-MacBook-Pro test % ls -al
total 8
drwxr-xr-x   4 jakob  staff  128  4 Mär 21:07 .
drwxr-xr-x@  5 jakob  staff  160  4 Mär 21:07 ..
drwxr-xr-x  12 jakob  staff  384  4 Mär 21:07 .git
-rw-r--r--   1 jakob  staff    6  4 Mär 21:07 README.md
jakob@Jakobs-MacBook-Pro test % git status
On branch main
Your branch is up to date with 'origin/main'.

Changes not staged for commit:
  (use "git add <file>..." to update what will be committed)
  (use "git restore <file>..." to discard changes in working directory)
	modified:   README.md

no changes added to commit (use "git add" and/or "git commit -a")
jakob@Jakobs-MacBook-Pro test % git commit   
On branch main
Your branch is up to date with 'origin/main'.

Changes not staged for commit:
	modified:   README.md

no changes added to commit
jakob@Jakobs-MacBook-Pro test % git status 
On branch main
Your branch is up to date with 'origin/main'.

Changes not staged for commit:
  (use "git add <file>..." to update what will be committed)
  (use "git restore <file>..." to discard changes in working directory)
	modified:   README.md

no changes added to commit (use "git add" and/or "git commit -a")
jakob@Jakobs-MacBook-Pro test % git add .
jakob@Jakobs-MacBook-Pro test % git status
On branch main
Your branch is up to date with 'origin/main'.

Changes to be committed:
  (use "git restore --staged <file>..." to unstage)
	modified:   README.md

jakob@Jakobs-MacBook-Pro test % git status
On branch main
Your branch is up to date with 'origin/main'.

Changes to be committed:
  (use "git restore --staged <file>..." to unstage)
	modified:   README.md

Changes not staged for commit:
  (use "git add <file>..." to update what will be committed)
  (use "git restore <file>..." to discard changes in working directory)
	modified:   README.md

jakob@Jakobs-MacBook-Pro test % git commit
hint: Waiting for your editor to close the file... error: There was a problem with the editor 'vi'.
Please supply the message using either -m or -F option.
jakob@Jakobs-MacBook-Pro test % 
jakob@Jakobs-MacBook-Pro test % git status
On branch main
Your branch is up to date with 'origin/main'.

Changes to be committed:
  (use "git restore --staged <file>..." to unstage)
	modified:   README.md

Changes not staged for commit:
  (use "git add <file>..." to update what will be committed)
  (use "git restore <file>..." to discard changes in working directory)
	modified:   README.md

jakob@Jakobs-MacBook-Pro test % git add .
jakob@Jakobs-MacBook-Pro test % git status
On branch main
Your branch is up to date with 'origin/main'.

Changes to be committed:
  (use "git restore --staged <file>..." to unstage)
	modified:   README.md

jakob@Jakobs-MacBook-Pro test % git commit
[main ab7fccd] second commit
 1 file changed, 3 insertions(+), 1 deletion(-)
jakob@Jakobs-MacBook-Pro test % git log
commit ab7fccd9b7498df61f9a4c02ad4a5cdffb5be6ca (HEAD -> main)
Author: koebis <jstrebel@me.com>
Date:   Thu Mar 4 21:12:20 2021 +0100

    second commit

commit fd3d5a2e3cd0e40bfe9e4ecf176216c9763ab628 (origin/main, origin/HEAD)
Author: koebis <79414198+koebis@users.noreply.github.com>
Date:   Thu Mar 4 21:06:05 2021 +0100

    Initial commit
jakob@Jakobs-MacBook-Pro test % git status
On branch main
Your branch is ahead of 'origin/main' by 1 commit.
  (use "git push" to publish your local commits)

nothing to commit, working tree clean
jakob@Jakobs-MacBook-Pro test % git push
remote: Permission to koebis/test.git denied to jstrebel.
fatal: unable to access 'https://github.com/koebis/test.git/': The requested URL returned error: 403
jakob@Jakobs-MacBook-Pro test % 
jakob@Jakobs-MacBook-Pro test % 
jakob@Jakobs-MacBook-Pro test % git push  
remote: Permission to koebis/test.git denied to jstrebel.
fatal: unable to access 'https://github.com/koebis/test.git/': The requested URL returned error: 403
jakob@Jakobs-MacBook-Pro test % git credential-osxkeychain erase
host=github.com
protocol=https

jakob@Jakobs-MacBook-Pro test % 
jakob@Jakobs-MacBook-Pro test % 
jakob@Jakobs-MacBook-Pro test % git push                        
Username for 'https://github.com': jstrebel
Password for 'https://jstrebel@github.com': 
remote: Permission to koebis/test.git denied to jstrebel.
fatal: unable to access 'https://github.com/koebis/test.git/': The requested URL returned error: 403
jakob@Jakobs-MacBook-Pro test % git push
Username for 'https://github.com': jstrebel
Password for 'https://jstrebel@github.com': 
remote: Invalid username or password.
fatal: Authentication failed for 'https://github.com/koebis/test.git/'
jakob@Jakobs-MacBook-Pro test % git push
Username for 'https://github.com': koebis
Password for 'https://koebis@github.com': 
Enumerating objects: 5, done.
Counting objects: 100% (5/5), done.
Writing objects: 100% (3/3), 254 bytes | 254.00 KiB/s, done.
Total 3 (delta 0), reused 0 (delta 0)
To https://github.com/koebis/test.git
   fd3d5a2..ab7fccd  main -> main
jakob@Jakobs-MacBook-Pro test % git status
On branch main
Your branch is up to date with 'origin/main'.

Changes not staged for commit:
  (use "git add <file>..." to update what will be committed)
  (use "git restore <file>..." to discard changes in working directory)
	modified:   README.md

no changes added to commit (use "git add" and/or "git commit -a")
jakob@Jakobs-MacBook-Pro test % git commit README.md 
[main bcead02] nochmals#
 1 file changed, 1 insertion(+)
jakob@Jakobs-MacBook-Pro test % 
jakob@Jakobs-MacBook-Pro test % 
jakob@Jakobs-MacBook-Pro test % git push            
Enumerating objects: 5, done.
Counting objects: 100% (5/5), done.
Writing objects: 100% (3/3), 256 bytes | 256.00 KiB/s, done.
Total 3 (delta 0), reused 0 (delta 0)
To https://github.com/koebis/test.git
   ab7fccd..bcead02  main -> main
jakob@Jakobs-MacBook-Pro test % git log
commit bcead02805f3a7b544fcd6a394bbb2a217c4b3d1 (HEAD -> main, origin/main, origin/HEAD)
Author: koebis <jstrebel@me.com>
Date:   Thu Mar 4 21:24:14 2021 +0100

    nochmals#

commit ab7fccd9b7498df61f9a4c02ad4a5cdffb5be6ca
Author: koebis <jstrebel@me.com>
Date:   Thu Mar 4 21:12:20 2021 +0100

    second commit

commit fd3d5a2e3cd0e40bfe9e4ecf176216c9763ab628
Author: koebis <79414198+koebis@users.noreply.github.com>
Date:   Thu Mar 4 21:06:05 2021 +0100

    Initial commit
jakob@Jakobs-MacBook-Pro test % git show
commit bcead02805f3a7b544fcd6a394bbb2a217c4b3d1 (HEAD -> main, origin/main, origin/HEAD)
Author: koebis <jstrebel@me.com>
Date:   Thu Mar 4 21:24:14 2021 +0100

    nochmals#

diff --git a/README.md b/README.md
index 3c67f77..8a73a91 100644
--- a/README.md
+++ b/README.md
@@ -1,3 +1,4 @@
 # test
 21:09 jst
 21:10 jst
+21:23
jakob@Jakobs-MacBook-Pro test % ls -al
total 8
drwxr-xr-x   4 jakob  staff  128  4 Mär 21:07 .
drwxr-xr-x@  5 jakob  staff  160  4 Mär 21:07 ..
drwxr-xr-x  13 jakob  staff  416  4 Mär 21:24 .git
-rw-r--r--@  1 jakob  staff   33  4 Mär 21:23 README.md
jakob@Jakobs-MacBook-Pro test % 
jakob@Jakobs-MacBook-Pro test % 
jakob@Jakobs-MacBook-Pro test % 
jakob@Jakobs-MacBook-Pro test % pwd
/Users/jakob/Documents/GitHub/test
jakob@Jakobs-MacBook-Pro test % touch neu.txt
jakob@Jakobs-MacBook-Pro test % git add .
jakob@Jakobs-MacBook-Pro test % git commit -m test
[main ba52d8b] test
 1 file changed, 0 insertions(+), 0 deletions(-)
 create mode 100644 neu.txt
jakob@Jakobs-MacBook-Pro test % git push
Enumerating objects: 4, done.
Counting objects: 100% (4/4), done.
Delta compression using up to 8 threads
Compressing objects: 100% (2/2), done.
Writing objects: 100% (3/3), 259 bytes | 259.00 KiB/s, done.
Total 3 (delta 0), reused 0 (delta 0)
To https://github.com/koebis/test.git
   bcead02..ba52d8b  main -> main
jakob@Jakobs-MacBook-Pro test % touch versuch.txt
jakob@Jakobs-MacBook-Pro test % git add .
jakob@Jakobs-MacBook-Pro test % git commit -m versuch
[main b405d71] versuch
 1 file changed, 0 insertions(+), 0 deletions(-)
 create mode 100644 versuch.txt
jakob@Jakobs-MacBook-Pro test % git push
Enumerating objects: 3, done.
Counting objects: 100% (3/3), done.
Delta compression using up to 8 threads
Compressing objects: 100% (2/2), done.
Writing objects: 100% (2/2), 265 bytes | 265.00 KiB/s, done.
Total 2 (delta 0), reused 0 (delta 0)
To https://github.com/koebis/test.git
   ba52d8b..b405d71  main -> main
jakob@Jakobs-MacBook-Pro test % git pull
remote: Enumerating objects: 5, done.
remote: Counting objects: 100% (5/5), done.
remote: Compressing objects: 100% (2/2), done.
remote: Total 3 (delta 0), reused 0 (delta 0), pack-reused 0
Unpacking objects: 100% (3/3), done.
From https://github.com/koebis/test
   b405d71..8720be6  main       -> origin/main
Updating b405d71..8720be6
Fast-forward
 neu.txt | 1 +
 1 file changed, 1 insertion(+)
jakob@Jakobs-MacBook-Pro test % ls -l
total 16
-rw-r--r--@ 1 jakob  staff  33  4 Mär 21:23 README.md
-rw-r--r--  1 jakob  staff  19  4 Mär 21:30 neu.txt
-rw-r--r--  1 jakob  staff   0  4 Mär 21:28 versuch.txt
jakob@Jakobs-MacBook-Pro test % git status
On branch main
Your branch is up to date with 'origin/main'.

nothing to commit, working tree clean
jakob@Jakobs-MacBook-Pro test % git diff
jakob@Jakobs-MacBook-Pro test % git pull
remote: Enumerating objects: 5, done.
remote: Counting objects: 100% (5/5), done.
remote: Compressing objects: 100% (2/2), done.
remote: Total 3 (delta 1), reused 0 (delta 0), pack-reused 0
Unpacking objects: 100% (3/3), done.
From https://github.com/koebis/test
   8720be6..4bd31f8  main       -> origin/main
Updating 8720be6..4bd31f8
Fast-forward
 versuch.txt | 1 +
 1 file changed, 1 insertion(+)
jakob@Jakobs-MacBook-Pro test % ls -l
total 24
-rw-r--r--@ 1 jakob  staff  33  4 Mär 21:23 README.md
-rw-r--r--  1 jakob  staff  19  4 Mär 21:30 neu.txt
-rw-r--r--  1 jakob  staff  29  4 Mär 21:32 versuch.txt
jakob@Jakobs-MacBook-Pro test % git status
On branch main
Your branch is up to date with 'origin/main'.

nothing to commit, working tree clean
jakob@Jakobs-MacBook-Pro test % git status
On branch main
Your branch is up to date with 'origin/main'.

Changes not staged for commit:
  (use "git add <file>..." to update what will be committed)
  (use "git restore <file>..." to discard changes in working directory)
	modified:   neu.txt

no changes added to commit (use "git add" and/or "git commit -a")
jakob@Jakobs-MacBook-Pro test % git status
On branch main
Your branch is up to date with 'origin/main'.

Changes not staged for commit:
  (use "git add <file>..." to update what will be committed)
  (use "git restore <file>..." to discard changes in working directory)
	modified:   neu.txt
	modified:   versuch.txt

no changes added to commit (use "git add" and/or "git commit -a")
jakob@Jakobs-MacBook-Pro test % git status
On branch main
Your branch is up to date with 'origin/main'.

Changes not staged for commit:
  (use "git add <file>..." to update what will be committed)
  (use "git restore <file>..." to discard changes in working directory)
	modified:   README.md
	modified:   neu.txt
	modified:   versuch.txt

no changes added to commit (use "git add" and/or "git commit -a")
jakob@Jakobs-MacBook-Pro test % git commit -A
error: unknown switch `A'
usage: git commit [<options>] [--] <pathspec>...

    -q, --quiet           suppress summary after successful commit
    -v, --verbose         show diff in commit message template

Commit message options
    -F, --file <file>     read message from file
    --author <author>     override author for commit
    --date <date>         override date for commit
    -m, --message <message>
                          commit message
    -c, --reedit-message <commit>
                          reuse and edit message from specified commit
    -C, --reuse-message <commit>
                          reuse message from specified commit
    --fixup <commit>      use autosquash formatted message to fixup specified commit
    --squash <commit>     use autosquash formatted message to squash specified commit
    --reset-author        the commit is authored by me now (used with -C/-c/--amend)
    -s, --signoff         add Signed-off-by:
    -t, --template <file>
                          use specified template file
    -e, --edit            force edit of commit
    --cleanup <mode>      how to strip spaces and #comments from message
    --status              include status in commit message template
    -S, --gpg-sign[=<key-id>]
                          GPG sign commit

Commit contents options
    -a, --all             commit all changed files
    -i, --include         add specified files to index for commit
    --interactive         interactively add files
    -p, --patch           interactively add changes
    -o, --only            commit only specified files
    -n, --no-verify       bypass pre-commit and commit-msg hooks
    --dry-run             show what would be committed
    --short               show status concisely
    --branch              show branch information
    --ahead-behind        compute full ahead/behind values
    --porcelain           machine-readable output
    --long                show status in long format (default)
    -z, --null            terminate entries with NUL
    --amend               amend previous commit
    --no-post-rewrite     bypass post-rewrite hook
    -u, --untracked-files[=<mode>]
                          show untracked files, optional modes: all, normal, no. (Default: all)

jakob@Jakobs-MacBook-Pro test % git commit -a
[main 2d93a47] alle 3 geändert
 3 files changed, 4 insertions(+)
jakob@Jakobs-MacBook-Pro test % git status   
On branch main
Your branch is ahead of 'origin/main' by 1 commit.
  (use "git push" to publish your local commits)

nothing to commit, working tree clean
jakob@Jakobs-MacBook-Pro test % git diff     
jakob@Jakobs-MacBook-Pro test % git push
Enumerating objects: 9, done.
Counting objects: 100% (9/9), done.
Delta compression using up to 8 threads
Compressing objects: 100% (2/2), done.
Writing objects: 100% (5/5), 434 bytes | 434.00 KiB/s, done.
Total 5 (delta 0), reused 0 (delta 0)
To https://github.com/koebis/test.git
   4bd31f8..2d93a47  main -> main
jakob@Jakobs-MacBook-Pro test % git diff
diff --git a/README.md b/README.md
index 2a2f963..7d4daae 100644
--- a/README.md
+++ b/README.md
@@ -1,5 +1,5 @@
 # test
 21:09 jst
 21:10 jst
-21:23
+21:23 jst
 git   ddd
jakob@Jakobs-MacBook-Pro test % git push
Everything up-to-date
jakob@Jakobs-MacBook-Pro test % 
