jakob@Jakobs-MacBook-Pro GitHub % git config --list
credential.helper=osxkeychain
difftool.sourcetree.cmd=opendiff "$LOCAL" "$REMOTE"
difftool.sourcetree.path=
mergetool.sourcetree.cmd=/Applications/Sourcetree.app/Contents/Resources/opendiff-w.sh "$LOCAL" "$REMOTE" -ancestor "$BASE" -merge "$MERGED"
mergetool.sourcetree.trustexitcode=true
user.email=jstrebel@me.com
user.mail==
user.name=koebis
user.mail==
user.emai=jstrebel@me.com
core.excludesfile=/Users/jakob/.gitignore_global
commit.template=/Users/jakob/.stCommitMsg
filter.lfs.clean=git-lfs clean -- %f
filter.lfs.smudge=git-lfs smudge -- %f
filter.lfs.process=git-lfs filter-process
filter.lfs.required=true
core.repositoryformatversion=0
core.filemode=true
core.bare=false
core.logallrefupdates=true
core.ignorecase=true
core.precomposeunicode=true


Changes not staged for commit:
	modified:   README.md

no changes added to commit
jakob@Jakobs-MacBook-Pro test % git status 
On branch main
Your branch is up to date with 'origin/main'.

Changes not staged for commit:
  (use "git add <file>..." to update what will be committed)
  (use "git restore <file>..." to discard changes in working directory)
	modified:   README.md



jakob@Jakobs-MacBook-Pro test % git status
On branch main
Your branch is up to date with 'origin/main'.

Changes to be committed:
  (use "git restore --staged <file>..." to unstage)
	modified:   README.md

Changes not staged for commit:
  (use "git add <file>..." to update what will be committed)
  (use "git restore <file>..." to discard changes in working directory)
	modified:   README.md

jakob@Jakobs-MacBook-Pro test % git commit
hint: Waiting for your editor to close the file... error: There was a problem with the editor 'vi'.
Please supply the message using either -m or -F option.
jakob@Jakobs-MacBook-Pro test % 
jakob@Jakobs-MacBook-Pro test % git status
On branch main
Your branch is up to date with 'origin/main'.

Changes to be committed:
  (use "git restore --staged <file>..." to unstage)
	modified:   README.md

Changes not staged for commit:
  (use "git add <file>..." to update what will be committed)
  (use "git restore <file>..." to discard changes in working directory)
	modified:   README.md

jakob@Jakobs-MacBook-Pro test % git add .
jakob@Jakobs-MacBook-Pro test % git status
On branch main
Your branch is up to date with 'origin/main'.

Changes to be committed:
  (use "git restore --staged <file>..." to unstage)
	modified:   README.md

jakob@Jakobs-MacBook-Pro test % git commit
[main ab7fccd] second commit
 1 file changed, 3 insertions(+), 1 deletion(-)
jakob@Jakobs-MacBook-Pro test % git log
commit ab7fccd9b7498df61f9a4c02ad4a5cdffb5be6ca (HEAD -> main)
Author: koebis <jstrebel@me.com>
Date:   Thu Mar 4 21:12:20 2021 +0100

    second commit

commit fd3d5a2e3cd0e40bfe9e4ecf176216c9763ab628 (origin/main, origin/HEAD)
Author: koebis <79414198+koebis@users.noreply.github.com>
Date:   Thu Mar 4 21:06:05 2021 +0100

    Initial commit
jakob@Jakobs-MacBook-Pro test % git status
On branch main
Your branch is ahead of 'origin/main' by 1 commit.
  (use "git push" to publish your local commits)

nothing to commit, working tree clean
jakob@Jakobs-MacBook-Pro test % git push
remote: Permission to koebis/test.git denied to jstrebel.
fatal: unable to access 'https://github.com/koebis/test.git/': The requested URL returned error: 403
jakob@Jakobs-MacBook-Pro test % 
jakob@Jakobs-MacBook-Pro test % 
jakob@Jakobs-MacBook-Pro test % git push  
remote: Permission to koebis/test.git denied to jstrebel.
fatal: unable to access 'https://github.com/koebis/test.git/': The requested URL returned error: 403
jakob@Jakobs-MacBook-Pro test % git credential-osxkeychain erase
host=github.com
protocol=https


jakob@Jakobs-MacBook-Pro test % git push
Username for 'https://github.com': koebis
Password for 'https://koebis@github.com': 
Enumerating objects: 5, done.
Counting objects: 100% (5/5), done.
Writing objects: 100% (3/3), 254 bytes | 254.00 KiB/s, done.
Total 3 (delta 0), reused 0 (delta 0)
To https://github.com/koebis/test.git
   fd3d5a2..ab7fccd  main -> main
jakob@Jakobs-MacBook-Pro test % git status
On branch main
Your branch is up to date with 'origin/main'.

Changes not staged for commit:
  (use "git add <file>..." to update what will be committed)
  (use "git restore <file>..." to discard changes in working directory)
	modified:   README.md

no changes added to commit (use "git add" and/or "git commit -a")
jakob@Jakobs-MacBook-Pro test % git commit README.md 
[main bcead02] nochmals#
 1 file changed, 1 insertion(+)
jakob@Jakobs-MacBook-Pro test % 
jakob@Jakobs-MacBook-Pro test % 
jakob@Jakobs-MacBook-Pro test % git push            
Enumerating objects: 5, done.
Counting objects: 100% (5/5), done.
Writing objects: 100% (3/3), 256 bytes | 256.00 KiB/s, done.
Total 3 (delta 0), reused 0 (delta 0)
To https://github.com/koebis/test.git
   ab7fccd..bcead02  main -> main
jakob@Jakobs-MacBook-Pro test % git log
commit bcead02805f3a7b544fcd6a394bbb2a217c4b3d1 (HEAD -> main, origin/main, origin/HEAD)
Author: koebis <jstrebel@me.com>
Date:   Thu Mar 4 21:24:14 2021 +0100

    nochmals#

commit ab7fccd9b7498df61f9a4c02ad4a5cdffb5be6ca
Author: koebis <jstrebel@me.com>
Date:   Thu Mar 4 21:12:20 2021 +0100

    second commit

commit fd3d5a2e3cd0e40bfe9e4ecf176216c9763ab628
Author: koebis <79414198+koebis@users.noreply.github.com>
Date:   Thu Mar 4 21:06:05 2021 +0100

    Initial commit
jakob@Jakobs-MacBook-Pro test % git show
commit bcead02805f3a7b544fcd6a394bbb2a217c4b3d1 (HEAD -> main, origin/main, origin/HEAD)
Author: koebis <jstrebel@me.com>
Date:   Thu Mar 4 21:24:14 2021 +0100

    nochmals#

diff --git a/README.md b/README.md
index 3c67f77..8a73a91 100644
--- a/README.md
+++ b/README.md
@@ -1,3 +1,4 @@
 # test
 21:09 jst
 21:10 jst
+21:23

jakob@Jakobs-MacBook-Pro test % 
[main ba52d8b] test
 1 file changed, 0 insertions(+), 0 deletions(-)
 create mode 100644 neu.txt
jakob@Jakobs-MacBook-Pro test % git push
Enumerating objects: 4, done.
Counting objects: 100% (4/4), done.
Delta compression using up to 8 threads
Compressing objects: 100% (2/2), done.
Writing objects: 100% (3/3), 259 bytes | 259.00 KiB/s, done.
Total 3 (delta 0), reused 0 (delta 0)
To https://github.com/koebis/test.git
   bcead02..ba52d8b  main -> main
jakob@Jakobs-MacBook-Pro test % touch versuch.txt
jakob@Jakobs-MacBook-Pro test % git add .
jakob@Jakobs-MacBook-Pro test % git commit -m versuch
[main b405d71] versuch
 1 file changed, 0 insertions(+), 0 deletions(-)
 create mode 100644 versuch.txt
jakob@Jakobs-MacBook-Pro test % git push
Enumerating objects: 3, done.
Counting objects: 100% (3/3), done.
Delta compression using up to 8 threads
Compressing objects: 100% (2/2), done.
Writing objects: 100% (2/2), 265 bytes | 265.00 KiB/s, done.
Total 2 (delta 0), reused 0 (delta 0)
To https://github.com/koebis/test.git
   ba52d8b..b405d71  main -> main
jakob@Jakobs-MacBook-Pro test % git pull
remote: Enumerating objects: 5, done.
remote: Counting objects: 100% (5/5), done.
remote: Compressing objects: 100% (2/2), done.
remote: Total 3 (delta 0), reused 0 (delta 0), pack-reused 0
Unpacking objects: 100% (3/3), done.
From https://github.com/koebis/test
   b405d71..8720be6  main       -> origin/main
Updating b405d71..8720be6
Fast-forward
 neu.txt | 1 +
 1 file changed, 1 insertion(+)
jakob@Jakobs-MacBook-Pro test % ls -l
total 16
-rw-r--r--@ 1 jakob  staff  33  4 Mär 21:23 README.md
-rw-r--r--  1 jakob  staff  19  4 Mär 21:30 neu.txt
-rw-r--r--  1 jakob  staff   0  4 Mär 21:28 versuch.txt
jakob@Jakobs-MacBook-Pro test % git status
On branch main
Your branch is up to date with 'origin/main'.

nothing to commit, working tree clean
jakob@Jakobs-MacBook-Pro test % git diff
jakob@Jakobs-MacBook-Pro test % git pull
remote: Enumerating objects: 5, done.
remote: Counting objects: 100% (5/5), done.
remote: Compressing objects: 100% (2/2), done.
remote: Total 3 (delta 1), reused 0 (delta 0), pack-reused 0
Unpacking objects: 100% (3/3), done.
From https://github.com/koebis/test
   8720be6..4bd31f8  main       -> origin/main
Updating 8720be6..4bd31f8
Fast-forward
 versuch.txt | 1 +
 1 file changed, 1 insertion(+)
jakob@Jakobs-MacBook-Pro test % ls -l
total 24
-rw-r--r--@ 1 jakob  staff  33  4 Mär 21:23 README.md
-rw-r--r--  1 jakob  staff  19  4 Mär 21:30 neu.txt
-rw-r--r--  1 jakob  staff  29  4 Mär 21:32 versuch.txt
jakob@Jakobs-MacBook-Pro test % git status
On branch main
Your branch is up to date with 'origin/main'.

nothing to commit, working tree clean
jakob@Jakobs-MacBook-Pro test % git status
On branch main
Your branch is up to date with 'origin/main'.

Changes not staged for commit:
  (use "git add <file>..." to update what will be committed)
  (use "git restore <file>..." to discard changes in working directory)
	modified:   neu.txt

no changes added to commit (use "git add" and/or "git commit -a")
jakob@Jakobs-MacBook-Pro test % git status
On branch main
Your branch is up to date with 'origin/main'.

Changes not staged for commit:
  (use "git add <file>..." to update what will be committed)
  (use "git restore <file>..." to discard changes in working directory)
	modified:   neu.txt
	modified:   versuch.txt

no changes added to commit (use "git add" and/or "git commit -a")
jakob@Jakobs-MacBook-Pro test % git status
On branch main
Your branch is up to date with 'origin/main'.

Changes not staged for commit:
  (use "git add <file>..." to update what will be committed)
  (use "git restore <file>..." to discard changes in working directory)
	modified:   README.md
	modified:   neu.txt
	modified:   versuch.txt

no changes added to commit (use "git add" and/or "git commit -a")



jakob@Jakobs-MacBook-Pro test % git commit -a
[main 2d93a47] alle 3 geändert
 3 files changed, 4 insertions(+)
jakob@Jakobs-MacBook-Pro test % git status   
On branch main
Your branch is ahead of 'origin/main' by 1 commit.
  (use "git push" to publish your local commits)
    
jakob@Jakobs-MacBook-Pro test % git push
Enumerating objects: 9, done.
Counting objects: 100% (9/9), done.
Delta compression using up to 8 threads
Compressing objects: 100% (2/2), done.
Writing objects: 100% (5/5), 434 bytes | 434.00 KiB/s, done.
Total 5 (delta 0), reused 0 (delta 0)
To https://github.com/koebis/test.git
   4bd31f8..2d93a47  main -> main
jakob@Jakobs-MacBook-Pro test % git diff
diff --git a/README.md b/README.md
index 2a2f963..7d4daae 100644
--- a/README.md
+++ b/README.md
@@ -1,5 +1,5 @@
 # test
 21:09 jst
 21:10 jst
-21:23
+21:23 jst
 git   ddd
jakob@Jakobs-MacBook-Pro test % git push
Everything up-to-date
jakob@Jakobs-MacBook-Pro test % 
